<?xml version="1.0" encoding="utf-8"?><testsuites><testsuite name="pytest" errors="0" failures="0" skipped="0" tests="47" time="0.365" timestamp="2025-11-18T15:38:23.312955" hostname="DESKTOP-NTLV7TI"><testcase classname="tests.test_calculator.TestCalculator" name="test_add_positive_numbers" time="0.003" /><testcase classname="tests.test_calculator.TestCalculator" name="test_add_negative_numbers" time="0.001" /><testcase classname="tests.test_calculator.TestCalculator" name="test_add_mixed_numbers" time="0.001" /><testcase classname="tests.test_calculator.TestCalculator" name="test_add_with_zero" time="0.001" /><testcase classname="tests.test_calculator.TestCalculator" name="test_add_floats" time="0.001" /><testcase classname="tests.test_calculator.TestCalculator" name="test_subtract_positive_numbers" time="0.001" /><testcase classname="tests.test_calculator.TestCalculator" name="test_subtract_negative_numbers" time="0.001" /><testcase classname="tests.test_calculator.TestCalculator" name="test_subtract_mixed_numbers" time="0.001" /><testcase classname="tests.test_calculator.TestCalculator" name="test_subtract_with_zero" time="0.001" /><testcase classname="tests.test_calculator.TestCalculator" name="test_subtract_floats" time="0.001" /><testcase classname="tests.test_calculator.TestCalculator" name="test_multiply_positive_numbers" time="0.001" /><testcase classname="tests.test_calculator.TestCalculator" name="test_multiply_negative_numbers" time="0.001" /><testcase classname="tests.test_calculator.TestCalculator" name="test_multiply_mixed_numbers" time="0.001" /><testcase classname="tests.test_calculator.TestCalculator" name="test_multiply_with_zero" time="0.001" /><testcase classname="tests.test_calculator.TestCalculator" name="test_multiply_floats" time="0.001" /><testcase classname="tests.test_calculator.TestCalculator" name="test_divide_positive_numbers" time="0.001" /><testcase classname="tests.test_calculator.TestCalculator" name="test_divide_negative_numbers" time="0.001" /><testcase classname="tests.test_calculator.TestCalculator" name="test_divide_mixed_numbers" time="0.001" /><testcase classname="tests.test_calculator.TestCalculator" name="test_divide_with_zero_numerator" time="0.001" /><testcase classname="tests.test_calculator.TestCalculator" name="test_divide_by_zero" time="0.001" /><testcase classname="tests.test_calculator.TestCalculator" name="test_divide_floats" time="0.001" /><testcase classname="tests.test_calculator.TestCalculator" name="test_power_positive_exponent" time="0.001" /><testcase classname="tests.test_calculator.TestCalculator" name="test_power_zero_exponent" time="0.001" /><testcase classname="tests.test_calculator.TestCalculator" name="test_power_negative_exponent" time="0.001" /><testcase classname="tests.test_calculator.TestCalculator" name="test_power_fractional_exponent" time="0.001" /><testcase classname="tests.test_calculator.TestCalculator" name="test_power_negative_base" time="0.001" /><testcase classname="tests.test_calculator.TestCalculator" name="test_power_floats" time="0.001" /><testcase classname="tests.test_calculator.TestCalculator" name="test_square_root_positive_number" time="0.001" /><testcase classname="tests.test_calculator.TestCalculator" name="test_square_root_zero" time="0.001" /><testcase classname="tests.test_calculator.TestCalculator" name="test_square_root_decimal" time="0.001" /><testcase classname="tests.test_calculator.TestCalculator" name="test_square_root_large_number" time="0.001" /><testcase classname="tests.test_calculator.TestCalculator" name="test_square_root_negative_number" time="0.001" /><testcase classname="tests.test_calculator.TestCalculator" name="test_modulo_positive_numbers" time="0.001" /><testcase classname="tests.test_calculator.TestCalculator" name="test_modulo_negative_dividend" time="0.001" /><testcase classname="tests.test_calculator.TestCalculator" name="test_modulo_negative_divisor" time="0.001" /><testcase classname="tests.test_calculator.TestCalculator" name="test_modulo_zero_remainder" time="0.001" /><testcase classname="tests.test_calculator.TestCalculator" name="test_modulo_by_zero" time="0.001" /><testcase classname="tests.test_calculator.TestCalculator" name="test_modulo_floats" time="0.001" /><testcase classname="tests.test_calculator.TestCalculator" name="test_percentage_basic" time="0.001" /><testcase classname="tests.test_calculator.TestCalculator" name="test_percentage_decimal" time="0.001" /><testcase classname="tests.test_calculator.TestCalculator" name="test_percentage_zero" time="0.001" /><testcase classname="tests.test_calculator.TestCalculator" name="test_percentage_hundred" time="0.001" /><testcase classname="tests.test_calculator.TestCalculator" name="test_factorial_positive" time="0.001" /><testcase classname="tests.test_calculator.TestCalculator" name="test_factorial_zero" time="0.001" /><testcase classname="tests.test_calculator.TestCalculator" name="test_factorial_one" time="0.001" /><testcase classname="tests.test_calculator.TestCalculator" name="test_factorial_large" time="0.001" /><testcase classname="tests.test_calculator.TestCalculator" name="test_factorial_negative" time="0.001" /></testsuite></testsuites>